section=encoder boundary=stem duration_seconds=25.797214
section=encoder boundary=layer layer=0 duration_seconds=7.543249
section=encoder boundary=layer layer=1 duration_seconds=7.529518
section=encoder boundary=layer layer=2 duration_seconds=7.046273
section=encoder boundary=layer layer=3 duration_seconds=7.073831
section=encoder boundary=layer layer=4 duration_seconds=7.139873
section=encoder boundary=layer layer=5 duration_seconds=7.076642
section=encoder boundary=layer layer=6 duration_seconds=7.117819
section=encoder boundary=layer layer=7 duration_seconds=7.012395
section=encoder boundary=layer layer=8 duration_seconds=7.104454
section=encoder boundary=layer layer=9 duration_seconds=7.338083
section=encoder boundary=layer layer=10 duration_seconds=7.278588
section=encoder boundary=layer layer=11 duration_seconds=6.846880
section=encoder boundary=layer layer=12 duration_seconds=6.888254
section=encoder boundary=layer layer=13 duration_seconds=6.708809
section=encoder boundary=layer layer=14 duration_seconds=6.756182
section=encoder boundary=layer layer=15 duration_seconds=6.804244
section=encoder boundary=layer layer=16 duration_seconds=6.708932
section=encoder boundary=layer layer=17 duration_seconds=6.686733
section=encoder boundary=layer layer=18 duration_seconds=6.864642
section=encoder boundary=layer layer=19 duration_seconds=7.499667
section=encoder boundary=layer layer=20 duration_seconds=6.597850
section=encoder boundary=layer layer=21 duration_seconds=6.556037
section=encoder boundary=layer layer=22 duration_seconds=6.604859
section=encoder boundary=layer layer=23 duration_seconds=6.599546
section=encoder boundary=layer layer=24 duration_seconds=6.557573
section=encoder boundary=layer layer=25 duration_seconds=6.831805
section=encoder boundary=layer layer=26 duration_seconds=6.582834
section=encoder boundary=layer layer=27 duration_seconds=6.648885
section=encoder boundary=layer layer=28 duration_seconds=6.672168
section=encoder boundary=layer layer=29 duration_seconds=7.305541
section=encoder boundary=layer layer=30 duration_seconds=6.600043
section=encoder boundary=layer layer=31 duration_seconds=6.823421
section=encoder boundary=final_norm duration_seconds=0.004277
section=decode position=3 input_token=50364 next_token=400 top_logit=11.7193604 duration_seconds=0.106002 output_head_seconds=0.055751
section=decode position=4 input_token=400 next_token=370 top_logit=23.627758 duration_seconds=0.108237 output_head_seconds=0.042408
section=decode position=5 input_token=370 next_token=452 top_logit=23.3579731 duration_seconds=0.113772 output_head_seconds=0.041168
section=decode position=6 input_token=452 next_token=7177 top_logit=17.9476051 duration_seconds=0.123161 output_head_seconds=0.058988
section=decode position=7 input_token=7177 next_token=6280 top_logit=15.9463177 duration_seconds=0.108925 output_head_seconds=0.039225
section=decode position=8 input_token=6280 next_token=11 top_logit=16.1656208 duration_seconds=0.109824 output_head_seconds=0.044836
section=decode position=9 input_token=11 next_token=1029 top_logit=17.6634235 duration_seconds=0.106151 output_head_seconds=0.055117
section=decode position=10 input_token=1029 next_token=406 top_logit=19.9290829 duration_seconds=0.127593 output_head_seconds=0.042051
section=decode position=11 input_token=406 next_token=437 top_logit=21.6911392 duration_seconds=0.113662 output_head_seconds=0.050141
section=decode position=12 input_token=437 next_token=428 top_logit=24.3236465 duration_seconds=0.100499 output_head_seconds=0.051739
section=decode position=13 input_token=428 next_token=1941 top_logit=21.4726868 duration_seconds=0.109453 output_head_seconds=0.039293
section=decode position=14 input_token=1941 next_token=393 top_logit=26.262619 duration_seconds=0.171728 output_head_seconds=0.052703
section=decode position=15 input_token=393 next_token=360 top_logit=26.4742908 duration_seconds=0.113972 output_head_seconds=0.039242
section=decode position=16 input_token=360 next_token=337 top_logit=27.5428352 duration_seconds=0.132864 output_head_seconds=0.065148
section=decode position=17 input_token=337 next_token=291 top_logit=27.4856777 duration_seconds=0.115086 output_head_seconds=0.039195
section=decode position=18 input_token=291 next_token=11 top_logit=21.1395073 duration_seconds=0.104366 output_head_seconds=0.049201
section=decode position=19 input_token=11 next_token=1029 top_logit=21.3621616 duration_seconds=0.127571 output_head_seconds=0.049672
section=decode position=20 input_token=1029 next_token=437 top_logit=24.3203373 duration_seconds=0.119903 output_head_seconds=0.038985
section=decode position=21 input_token=437 next_token=291 top_logit=24.0557098 duration_seconds=0.121414 output_head_seconds=0.056064
section=decode position=22 input_token=291 next_token=393 top_logit=26.845541 duration_seconds=0.090142 output_head_seconds=0.050902
section=decode position=23 input_token=393 next_token=360 top_logit=26.2254677 duration_seconds=0.109924 output_head_seconds=0.039539
section=decode position=24 input_token=360 next_token=337 top_logit=27.541256 duration_seconds=0.112867 output_head_seconds=0.046245
section=decode position=25 input_token=337 next_token=428 top_logit=26.6075115 duration_seconds=0.129787 output_head_seconds=0.050111
section=decode position=26 input_token=428 next_token=1941 top_logit=21.9608765 duration_seconds=0.113889 output_head_seconds=0.039889
section=decode position=27 input_token=1941 next_token=13 top_logit=17.6830082 duration_seconds=0.104626 output_head_seconds=0.043328
section=decode position=28 input_token=13 next_token=50257 top_logit=10.6741209 duration_seconds=0.104135 output_head_seconds=0.057502
section=result window=compact audio_seconds=11.000000 input_frames=1100 output_frames=550 frontend_seconds=0.149418 encoder_seconds=247.207123 decoder_core_seconds=8.747339 output_head_seconds=1.238444 total_seconds=257.359803 rtf=23.396346 decoder_cache_bytes=26523800 generated_tokens=25 decoder_text_tokens_per_second=2.503559 overall_text_tokens_per_second=0.097140
transcript_utf8_bytes=108
TRANSCRIPT:  And so my fellow Americans, ask not what your country can do for you, ask what you can do for your country.
