section=encoder boundary=stem duration_seconds=16.719549
section=encoder boundary=layer layer=0 duration_seconds=6.520614
section=encoder boundary=layer layer=1 duration_seconds=6.707688
section=encoder boundary=layer layer=2 duration_seconds=6.470182
section=encoder boundary=layer layer=3 duration_seconds=6.561782
section=encoder boundary=layer layer=4 duration_seconds=6.949863
section=encoder boundary=layer layer=5 duration_seconds=7.249660
section=encoder boundary=layer layer=6 duration_seconds=6.770264
section=encoder boundary=layer layer=7 duration_seconds=6.555040
section=encoder boundary=layer layer=8 duration_seconds=6.508021
section=encoder boundary=layer layer=9 duration_seconds=6.619781
section=encoder boundary=layer layer=10 duration_seconds=6.492286
section=encoder boundary=layer layer=11 duration_seconds=6.494959
section=encoder boundary=layer layer=12 duration_seconds=6.636986
section=encoder boundary=layer layer=13 duration_seconds=6.609222
section=encoder boundary=layer layer=14 duration_seconds=6.692679
section=encoder boundary=layer layer=15 duration_seconds=7.448839
section=encoder boundary=layer layer=16 duration_seconds=6.670052
section=encoder boundary=layer layer=17 duration_seconds=6.558537
section=encoder boundary=layer layer=18 duration_seconds=6.476570
section=encoder boundary=layer layer=19 duration_seconds=6.399401
section=encoder boundary=layer layer=20 duration_seconds=6.571304
section=encoder boundary=layer layer=21 duration_seconds=6.624157
section=encoder boundary=layer layer=22 duration_seconds=6.573522
section=encoder boundary=layer layer=23 duration_seconds=6.648638
section=encoder boundary=layer layer=24 duration_seconds=6.515415
section=encoder boundary=layer layer=25 duration_seconds=7.318714
section=encoder boundary=layer layer=26 duration_seconds=6.658082
section=encoder boundary=layer layer=27 duration_seconds=6.614345
section=encoder boundary=layer layer=28 duration_seconds=6.504087
section=encoder boundary=layer layer=29 duration_seconds=6.538931
section=encoder boundary=layer layer=30 duration_seconds=6.553520
section=encoder boundary=layer layer=31 duration_seconds=6.615055
section=encoder boundary=final_norm duration_seconds=0.004154
section=decode position=3 input_token=50364 next_token=400 top_logit=11.7193623 duration_seconds=0.137696 output_head_seconds=0.043128
section=decode position=4 input_token=400 next_token=370 top_logit=23.6277637 duration_seconds=0.115161 output_head_seconds=0.045751
section=decode position=5 input_token=370 next_token=452 top_logit=23.3579807 duration_seconds=0.117606 output_head_seconds=0.057727
section=decode position=6 input_token=452 next_token=7177 top_logit=17.9476089 duration_seconds=0.131254 output_head_seconds=0.042343
section=decode position=7 input_token=7177 next_token=6280 top_logit=15.9463177 duration_seconds=0.111647 output_head_seconds=0.060084
section=decode position=8 input_token=6280 next_token=11 top_logit=16.1656265 duration_seconds=0.114487 output_head_seconds=0.039510
section=decode position=9 input_token=11 next_token=1029 top_logit=17.6634235 duration_seconds=0.122497 output_head_seconds=0.057173
section=decode position=10 input_token=1029 next_token=406 top_logit=19.9290867 duration_seconds=0.103853 output_head_seconds=0.057008
section=decode position=11 input_token=406 next_token=437 top_logit=21.6911469 duration_seconds=0.130671 output_head_seconds=0.046246
section=decode position=12 input_token=437 next_token=428 top_logit=24.3236446 duration_seconds=0.104008 output_head_seconds=0.051866
section=decode position=13 input_token=428 next_token=1941 top_logit=21.4726906 duration_seconds=0.114994 output_head_seconds=0.039862
section=decode position=14 input_token=1941 next_token=393 top_logit=26.262619 duration_seconds=0.117348 output_head_seconds=0.052210
section=decode position=15 input_token=393 next_token=360 top_logit=26.4742947 duration_seconds=0.107671 output_head_seconds=0.059105
section=decode position=16 input_token=360 next_token=337 top_logit=27.5428333 duration_seconds=0.114765 output_head_seconds=0.040403
section=decode position=17 input_token=337 next_token=291 top_logit=27.4856796 duration_seconds=0.126351 output_head_seconds=0.054196
section=decode position=18 input_token=291 next_token=11 top_logit=21.1395035 duration_seconds=0.093528 output_head_seconds=0.051020
section=decode position=19 input_token=11 next_token=1029 top_logit=21.3621578 duration_seconds=0.116489 output_head_seconds=0.039357
section=decode position=20 input_token=1029 next_token=437 top_logit=24.3203392 duration_seconds=0.161521 output_head_seconds=0.064019
section=decode position=21 input_token=437 next_token=291 top_logit=24.0557156 duration_seconds=0.121233 output_head_seconds=0.047150
section=decode position=22 input_token=291 next_token=393 top_logit=26.8455467 duration_seconds=0.121809 output_head_seconds=0.051458
section=decode position=23 input_token=393 next_token=360 top_logit=26.2254677 duration_seconds=0.110844 output_head_seconds=0.039274
section=decode position=24 input_token=360 next_token=337 top_logit=27.5412655 duration_seconds=0.166067 output_head_seconds=0.043023
section=decode position=25 input_token=337 next_token=428 top_logit=26.6075153 duration_seconds=0.098410 output_head_seconds=0.046080
section=decode position=26 input_token=428 next_token=1941 top_logit=21.9608803 duration_seconds=0.122261 output_head_seconds=0.057095
section=decode position=27 input_token=1941 next_token=13 top_logit=17.6830215 duration_seconds=0.108977 output_head_seconds=0.053921
section=decode position=28 input_token=13 next_token=50257 top_logit=10.6741142 duration_seconds=0.113040 output_head_seconds=0.039143
section=result window=compact audio_seconds=11.000000 input_frames=1100 output_frames=550 frontend_seconds=0.153050 encoder_seconds=229.851900 decoder_core_seconds=8.823054 output_head_seconds=1.278150 total_seconds=240.125399 rtf=21.829582 decoder_cache_bytes=26523800 generated_tokens=25 decoder_text_tokens_per_second=2.474953 overall_text_tokens_per_second=0.104112
transcript_utf8_bytes=108
TRANSCRIPT:  And so my fellow Americans, ask not what your country can do for you, ask what you can do for your country.
