section=encoder boundary=stem duration_seconds=96.951726
section=encoder boundary=layer layer=0 duration_seconds=39.400845
section=encoder boundary=layer layer=1 duration_seconds=39.542591
section=encoder boundary=layer layer=2 duration_seconds=39.121416
section=encoder boundary=layer layer=3 duration_seconds=40.179434
section=encoder boundary=layer layer=4 duration_seconds=40.856275
section=encoder boundary=layer layer=5 duration_seconds=40.991939
section=encoder boundary=layer layer=6 duration_seconds=40.856814
section=encoder boundary=layer layer=7 duration_seconds=40.835493
section=encoder boundary=layer layer=8 duration_seconds=38.712677
section=encoder boundary=layer layer=9 duration_seconds=37.694581
section=encoder boundary=layer layer=10 duration_seconds=36.954332
section=encoder boundary=layer layer=11 duration_seconds=37.302321
section=encoder boundary=layer layer=12 duration_seconds=36.370028
section=encoder boundary=layer layer=13 duration_seconds=38.307332
section=encoder boundary=layer layer=14 duration_seconds=36.655937
section=encoder boundary=layer layer=15 duration_seconds=37.037747
section=encoder boundary=layer layer=16 duration_seconds=36.354723
section=encoder boundary=layer layer=17 duration_seconds=36.788675
section=encoder boundary=layer layer=18 duration_seconds=37.049333
section=encoder boundary=layer layer=19 duration_seconds=35.823181
section=encoder boundary=layer layer=20 duration_seconds=37.281829
section=encoder boundary=layer layer=21 duration_seconds=37.121965
section=encoder boundary=layer layer=22 duration_seconds=37.384458
section=encoder boundary=layer layer=23 duration_seconds=36.590984
section=encoder boundary=layer layer=24 duration_seconds=36.950219
section=encoder boundary=layer layer=25 duration_seconds=36.528554
section=encoder boundary=layer layer=26 duration_seconds=37.348966
section=encoder boundary=layer layer=27 duration_seconds=37.000995
section=encoder boundary=layer layer=28 duration_seconds=36.551885
section=encoder boundary=layer layer=29 duration_seconds=37.488950
section=encoder boundary=layer layer=30 duration_seconds=36.838855
section=encoder boundary=layer layer=31 duration_seconds=37.002700
section=encoder boundary=final_norm duration_seconds=0.014888
section=decode position=3 input_token=50364 next_token=400 top_logit=8.78873444 duration_seconds=0.151728 output_head_seconds=0.035798
section=decode position=4 input_token=400 next_token=370 top_logit=21.4817333 duration_seconds=0.195772 output_head_seconds=0.046467
section=decode position=5 input_token=370 next_token=11 top_logit=21.9420357 duration_seconds=0.178894 output_head_seconds=0.027398
section=decode position=6 input_token=11 next_token=452 top_logit=21.0202579 duration_seconds=0.145311 output_head_seconds=0.038159
section=decode position=7 input_token=452 next_token=7177 top_logit=17.3986893 duration_seconds=0.159802 output_head_seconds=0.026661
section=decode position=8 input_token=7177 next_token=6280 top_logit=16.1864529 duration_seconds=0.154150 output_head_seconds=0.041519
section=decode position=9 input_token=6280 next_token=11 top_logit=16.9184513 duration_seconds=0.185554 output_head_seconds=0.043484
section=decode position=10 input_token=11 next_token=1029 top_logit=17.2668991 duration_seconds=0.149321 output_head_seconds=0.032250
section=decode position=11 input_token=1029 next_token=406 top_logit=18.8171444 duration_seconds=0.149205 output_head_seconds=0.027318
section=decode position=12 input_token=406 next_token=437 top_logit=22.6622734 duration_seconds=0.159056 output_head_seconds=0.031860
section=decode position=13 input_token=437 next_token=428 top_logit=24.7256908 duration_seconds=0.194986 output_head_seconds=0.027164
section=decode position=14 input_token=428 next_token=1941 top_logit=20.817461 duration_seconds=0.176922 output_head_seconds=0.027627
section=decode position=15 input_token=1941 next_token=393 top_logit=24.849102 duration_seconds=0.184558 output_head_seconds=0.045449
section=decode position=16 input_token=393 next_token=360 top_logit=26.4339943 duration_seconds=0.139349 output_head_seconds=0.027556
section=decode position=17 input_token=360 next_token=337 top_logit=26.1671181 duration_seconds=0.186063 output_head_seconds=0.027438
section=decode position=18 input_token=337 next_token=291 top_logit=25.6439323 duration_seconds=0.152578 output_head_seconds=0.052800
section=decode position=19 input_token=291 next_token=11 top_logit=19.4493446 duration_seconds=0.147034 output_head_seconds=0.026792
section=decode position=20 input_token=11 next_token=1029 top_logit=19.7439632 duration_seconds=0.162004 output_head_seconds=0.039317
section=decode position=21 input_token=1029 next_token=437 top_logit=25.2956696 duration_seconds=0.165079 output_head_seconds=0.036578
section=decode position=22 input_token=437 next_token=291 top_logit=24.1826324 duration_seconds=0.169235 output_head_seconds=0.026670
section=decode position=23 input_token=291 next_token=393 top_logit=25.7168026 duration_seconds=0.197284 output_head_seconds=0.027336
section=decode position=24 input_token=393 next_token=360 top_logit=26.3914871 duration_seconds=0.139737 output_head_seconds=0.048282
section=decode position=25 input_token=360 next_token=337 top_logit=27.8834114 duration_seconds=0.154070 output_head_seconds=0.026554
section=decode position=26 input_token=337 next_token=428 top_logit=26.7523212 duration_seconds=0.169024 output_head_seconds=0.041023
section=decode position=27 input_token=428 next_token=1941 top_logit=20.9885235 duration_seconds=0.137017 output_head_seconds=0.027133
section=decode position=28 input_token=1941 next_token=13 top_logit=18.0399132 duration_seconds=0.190509 output_head_seconds=0.027094
section=decode position=29 input_token=13 next_token=50257 top_logit=12.0002556 duration_seconds=0.149485 output_head_seconds=0.042243
section=result window=fixed30 audio_seconds=11.000000 input_frames=3000 output_frames=1500 frontend_seconds=0.362676 encoder_seconds=1307.892649 decoder_core_seconds=14.619426 output_head_seconds=0.927968 total_seconds=1323.840443 rtf=120.349131 decoder_cache_bytes=65439600 generated_tokens=26 decoder_text_tokens_per_second=1.672306 overall_text_tokens_per_second=0.019640
transcript_utf8_bytes=109
TRANSCRIPT:  And so, my fellow Americans, ask not what your country can do for you, ask what you can do for your country.
